
> cognia-frontend@0.0.0 build
> tsc -b && vite build

[36mvite v7.2.6 [32mbuilding client environment for production...[36m[39m
transforming...
[32mÔ£ô[39m 1192 modules transformed.
rendering chunks...
computing gzip size...
[2mdist/[22m[32mindex.html                                           [39m[1m[2m    0.62 kB[22m[1m[22m[2m Ôöé gzip:   0.33 kB[22m
[2mdist/[22m[32massets/Cuestionario-MGj6rfjQ.svg                     [39m[1m[2m    5.81 kB[22m[1m[22m[2m Ôöé gzip:   1.73 kB[22m
[2mdist/[22m[32massets/FrasePsico4-D1TaWyE-.png                      [39m[1m[2m   13.17 kB[22m[1m[22m
[2mdist/[22m[32massets/FrasePsico1-Kp6XCNpG.png                      [39m[1m[2m   17.98 kB[22m[1m[22m
[2mdist/[22m[32massets/UDEC-CgUlLsRm.png                             [39m[1m[2m   26.76 kB[22m[1m[22m
[2mdist/[22m[32massets/FrasePadre2-hAIotj1n.png                      [39m[1m[2m   41.08 kB[22m[1m[22m
[2mdist/[22m[32massets/FrasePadre3-CIKKrud3.png                      [39m[1m[2m   49.82 kB[22m[1m[22m
[2mdist/[22m[32massets/FrasePadre1-NbRJSC0s.png                      [39m[1m[2m   53.82 kB[22m[1m[22m
[2mdist/[22m[32massets/FrasePsico3-D_GHZlJy.png                      [39m[1m[2m   60.09 kB[22m[1m[22m
[2mdist/[22m[32massets/FrasePadre4-WkKtUME1.png                      [39m[1m[2m   66.31 kB[22m[1m[22m
[2mdist/[22m[32massets/FrasePsico2-B2Ph9h7D.png                      [39m[1m[2m   75.16 kB[22m[1m[22m
[2mdist/[22m[32massets/cognia-logo-light-1htBXuci.png                [39m[1m[2m  104.62 kB[22m[1m[22m
[2mdist/[22m[32massets/bienvenida-empezar-cuestionario-Cxc_8r2W.png  [39m[1m[2m  871.60 kB[22m[1m[22m
[2mdist/[22m[32massets/Psicologo-DkZgaFmO.png                        [39m[1m[2m  888.53 kB[22m[1m[22m
[2mdist/[22m[32massets/Padre-tutor-5BYLzdnp.png                      [39m[1m[2m  891.58 kB[22m[1m[22m
[2mdist/[22m[32massets/bienvenida-conocer-mas-D9sZ_eE4.png           [39m[1m[2m  935.14 kB[22m[1m[22m
[2mdist/[22m[32massets/Depresion-DEquAvjr.png                        [39m[1m[2m2,054.02 kB[22m[1m[22m
[2mdist/[22m[32massets/TDAH-CWfUYojZ.png                             [39m[1m[2m2,089.03 kB[22m[1m[22m
[2mdist/[22m[32massets/Trastorno de Conducta-DRevEahm.png            [39m[1m[2m2,092.37 kB[22m[1m[22m
[2mdist/[22m[32massets/Trastorno de Eliminacion-DJFnwvO3.png         [39m[1m[2m2,100.90 kB[22m[1m[22m
[2mdist/[22m[32massets/Ansiedad-CFgG-pxk.png                         [39m[1m[2m2,102.36 kB[22m[1m[22m
[2mdist/[22m[35massets/HistorialPadre-tn0RQdqM.css                   [39m[1m[2m    0.00 kB[22m[1m[22m[2m Ôöé gzip:   0.02 kB[22m
[2mdist/[22m[35massets/AlertBadge-yq0ddcPl.css                       [39m[1m[2m    0.17 kB[22m[1m[22m[2m Ôöé gzip:   0.15 kB[22m
[2mdist/[22m[35massets/Plataforma-DWF86dHK.css                       [39m[1m[2m    0.27 kB[22m[1m[22m[2m Ôöé gzip:   0.20 kB[22m
[2mdist/[22m[35massets/Psicologos-CpV2t_Fa.css                       [39m[1m[2m    0.49 kB[22m[1m[22m[2m Ôöé gzip:   0.30 kB[22m
[2mdist/[22m[35massets/Auditoria-BkcKcSez.css                        [39m[1m[2m    0.52 kB[22m[1m[22m[2m Ôöé gzip:   0.31 kB[22m
[2mdist/[22m[35massets/ColombiaLocationSelect-CIs5qMJ8.css           [39m[1m[2m    0.66 kB[22m[1m[22m[2m Ôöé gzip:   0.33 kB[22m
[2mdist/[22m[35massets/Reportes-DajhQiD7.css                         [39m[1m[2m    0.97 kB[22m[1m[22m[2m Ôöé gzip:   0.44 kB[22m
[2mdist/[22m[35massets/password-ui-CjE21ymI.css                      [39m[1m[2m    1.34 kB[22m[1m[22m[2m Ôöé gzip:   0.57 kB[22m
[2mdist/[22m[35massets/Cuestionarios-DRmzObHP.css                    [39m[1m[2m    1.46 kB[22m[1m[22m[2m Ôöé gzip:   0.62 kB[22m
[2mdist/[22m[35massets/CustomSelect-DQuaAhbG.css                     [39m[1m[2m    1.90 kB[22m[1m[22m[2m Ôöé gzip:   0.76 kB[22m
[2mdist/[22m[35massets/SugerenciasPsicologo-Dg-puDbI.css             [39m[1m[2m    1.97 kB[22m[1m[22m[2m Ôöé gzip:   0.64 kB[22m
[2mdist/[22m[35massets/SobreNosotros-DCEpa_e3.css                    [39m[1m[2m    2.25 kB[22m[1m[22m[2m Ôöé gzip:   0.80 kB[22m
[2mdist/[22m[35massets/CuestionarioCompartido-BOthC1QW.css           [39m[1m[2m    2.37 kB[22m[1m[22m[2m Ôöé gzip:   0.66 kB[22m
[2mdist/[22m[35massets/InicioSesion-D7CdXsCz.css                     [39m[1m[2m    3.55 kB[22m[1m[22m[2m Ôöé gzip:   1.05 kB[22m
[2mdist/[22m[35massets/PreguntasCuestionario-CnKdOMh1.css            [39m[1m[2m    3.71 kB[22m[1m[22m[2m Ôöé gzip:   0.95 kB[22m
[2mdist/[22m[35massets/Registro-DXb3amkH.css                         [39m[1m[2m    3.82 kB[22m[1m[22m[2m Ôöé gzip:   1.27 kB[22m
[2mdist/[22m[35massets/Bienvenida-DN6pXEb4.css                       [39m[1m[2m    3.96 kB[22m[1m[22m[2m Ôöé gzip:   1.14 kB[22m
[2mdist/[22m[35massets/MfaSetupView-CA-symKy.css                     [39m[1m[2m    3.97 kB[22m[1m[22m[2m Ôöé gzip:   1.23 kB[22m
[2mdist/[22m[35massets/RestablecerContrase├▒a-CfCCcbA3.css            [39m[1m[2m    4.45 kB[22m[1m[22m[2m Ôöé gzip:   1.27 kB[22m
[2mdist/[22m[35massets/OrientacionProfesional-vJcLKcK2.css           [39m[1m[2m    5.19 kB[22m[1m[22m[2m Ôöé gzip:   1.18 kB[22m
[2mdist/[22m[35massets/MFA-j7B2RuhG.css                              [39m[1m[2m    5.48 kB[22m[1m[22m[2m Ôöé gzip:   1.52 kB[22m
[2mdist/[22m[35massets/MiCuenta-CZlRDh3f.css                         [39m[1m[2m    5.65 kB[22m[1m[22m[2m Ôöé gzip:   1.55 kB[22m
[2mdist/[22m[35massets/Trastornos-C86jLJD4.css                       [39m[1m[2m    5.70 kB[22m[1m[22m[2m Ôöé gzip:   1.55 kB[22m
[2mdist/[22m[35massets/AdminShared-DD05zXWG.css                      [39m[1m[2m    6.30 kB[22m[1m[22m[2m Ôöé gzip:   1.59 kB[22m
[2mdist/[22m[35massets/Usuarios-BLKtHZgN.css                         [39m[1m[2m    7.85 kB[22m[1m[22m[2m Ôöé gzip:   2.09 kB[22m
[2mdist/[22m[35massets/Metricas-DF58BdRw.css                         [39m[1m[2m    8.40 kB[22m[1m[22m[2m Ôöé gzip:   2.38 kB[22m
[2mdist/[22m[35massets/QuestionnaireReportDetailModal-CYkzwpfW.css   [39m[1m[2m    8.43 kB[22m[1m[22m[2m Ôöé gzip:   2.10 kB[22m
[2mdist/[22m[35massets/SolicitudesRevisionPsicologo-KAtqLJHp.css     [39m[1m[2m    8.94 kB[22m[1m[22m[2m Ôöé gzip:   2.01 kB[22m
[2mdist/[22m[35massets/NuestroSistema-B1-18ivK.css                   [39m[1m[2m   10.28 kB[22m[1m[22m[2m Ôöé gzip:   2.65 kB[22m
[2mdist/[22m[35massets/EvaluacionesCompartidas-BTOkUJVI.css          [39m[1m[2m   11.39 kB[22m[1m[22m[2m Ôöé gzip:   2.47 kB[22m
[2mdist/[22m[35massets/index-DbVqfTEl.css                            [39m[1m[2m   13.22 kB[22m[1m[22m[2m Ôöé gzip:   2.86 kB[22m
[2mdist/[22m[35massets/HistorialBase-BJ_EQjNa.css                    [39m[1m[2m   21.59 kB[22m[1m[22m[2m Ôöé gzip:   4.06 kB[22m
[2mdist/[22m[35massets/SeguimientoGuardian-CU4fWxHz.css              [39m[1m[2m   21.99 kB[22m[1m[22m[2m Ôöé gzip:   4.28 kB[22m
[2mdist/[22m[35massets/Cuestionario-Ce1FJ9Wk.css                     [39m[1m[2m   24.77 kB[22m[1m[22m[2m Ôöé gzip:   4.88 kB[22m
[2mdist/[22m[35massets/index-yHIJb5Cs.css                            [39m[1m[2m   41.87 kB[22m[1m[22m[2m Ôöé gzip:   9.45 kB[22m
[2mdist/[22m[36massets/useDebouncedValue-Dkb-L8vi.js                 [39m[1m[2m    0.22 kB[22m[1m[22m[2m Ôöé gzip:   0.18 kB[22m
[2mdist/[22m[36massets/AlertBadge-C0BGPeu6.js                        [39m[1m[2m    0.26 kB[22m[1m[22m[2m Ôöé gzip:   0.22 kB[22m
[2mdist/[22m[36massets/chartContract-C7Ichh34.js                     [39m[1m[2m    0.34 kB[22m[1m[22m[2m Ôöé gzip:   0.20 kB[22m
[2mdist/[22m[36massets/passwordValidation-DhQ8b_83.js                [39m[1m[2m    0.37 kB[22m[1m[22m[2m Ôöé gzip:   0.23 kB[22m
[2mdist/[22m[36massets/passwordRules-CJWWafzX.js                     [39m[1m[2m    0.41 kB[22m[1m[22m[2m Ôöé gzip:   0.25 kB[22m
[2mdist/[22m[36massets/HistorialPadre-B-DPdLPZ.js                    [39m[1m[2m    0.73 kB[22m[1m[22m[2m Ôöé gzip:   0.42 kB[22m
[2mdist/[22m[36massets/HistorialPsicologo-i0MlkMD3.js                [39m[1m[2m    0.73 kB[22m[1m[22m[2m Ôöé gzip:   0.43 kB[22m
[2mdist/[22m[36massets/problemReports.types-BwtX5WTv.js              [39m[1m[2m    0.87 kB[22m[1m[22m[2m Ôöé gzip:   0.46 kB[22m
[2mdist/[22m[36massets/dashboardLabels-CpaCB_OI.js                   [39m[1m[2m    0.94 kB[22m[1m[22m[2m Ôöé gzip:   0.53 kB[22m
[2mdist/[22m[36massets/questionnaires-BQ9-z2_X.js                    [39m[1m[2m    0.97 kB[22m[1m[22m[2m Ôöé gzip:   0.47 kB[22m
[2mdist/[22m[36massets/alerts-DX7QeS-2.js                            [39m[1m[2m    1.06 kB[22m[1m[22m[2m Ôöé gzip:   0.47 kB[22m
[2mdist/[22m[36massets/PasswordControls-9igW3y4T.js                  [39m[1m[2m    1.18 kB[22m[1m[22m[2m Ôöé gzip:   0.57 kB[22m
[2mdist/[22m[36massets/Bienvenida-6AgcyPal.js                        [39m[1m[2m    1.22 kB[22m[1m[22m[2m Ôöé gzip:   0.50 kB[22m
[2mdist/[22m[36massets/CustomSelect-sNccphK0.js                      [39m[1m[2m    1.22 kB[22m[1m[22m[2m Ôöé gzip:   0.63 kB[22m
[2mdist/[22m[36massets/users-C55ybhy2.js                             [39m[1m[2m    1.32 kB[22m[1m[22m[2m Ôöé gzip:   0.65 kB[22m
[2mdist/[22m[36massets/problemReports.api-B5c-4agW.js                [39m[1m[2m    2.10 kB[22m[1m[22m[2m Ôöé gzip:   0.72 kB[22m
[2mdist/[22m[36massets/useQuestionnaireHistoryV2-DylrIISN.js         [39m[1m[2m    2.22 kB[22m[1m[22m[2m Ôöé gzip:   1.06 kB[22m
[2mdist/[22m[36massets/adminReportData-eRorJg2S.js                   [39m[1m[2m    3.23 kB[22m[1m[22m[2m Ôöé gzip:   1.37 kB[22m
[2mdist/[22m[36massets/SobreNosotros-DdCIqTzB.js                     [39m[1m[2m    3.47 kB[22m[1m[22m[2m Ôöé gzip:   0.96 kB[22m
[2mdist/[22m[36massets/ColombiaLocationSelect-Bn0id5yD.js            [39m[1m[2m    3.85 kB[22m[1m[22m[2m Ôöé gzip:   1.56 kB[22m
[2mdist/[22m[36massets/Trastornos-DX0iLvfy.js                        [39m[1m[2m    3.89 kB[22m[1m[22m[2m Ôöé gzip:   1.74 kB[22m
[2mdist/[22m[36massets/SugerenciasPsicologo-BE1qTiCo.js              [39m[1m[2m    4.29 kB[22m[1m[22m[2m Ôöé gzip:   1.49 kB[22m
[2mdist/[22m[36massets/RestablecerContrase├▒a-hEcldWik.js             [39m[1m[2m    5.23 kB[22m[1m[22m[2m Ôöé gzip:   1.84 kB[22m
[2mdist/[22m[36massets/MFA-up0f2uZ9.js                               [39m[1m[2m    5.44 kB[22m[1m[22m[2m Ôöé gzip:   2.29 kB[22m
[2mdist/[22m[36massets/demoAdminData-Rsrep1sF.js                     [39m[1m[2m    6.29 kB[22m[1m[22m[2m Ôöé gzip:   2.15 kB[22m
[2mdist/[22m[36massets/OrientacionProfesional-BOzKvilI.js            [39m[1m[2m    6.54 kB[22m[1m[22m[2m Ôöé gzip:   2.26 kB[22m
[2mdist/[22m[36massets/CuestionarioCompartido-Bl3YCJUN.js            [39m[1m[2m    7.33 kB[22m[1m[22m[2m Ôöé gzip:   2.02 kB[22m
[2mdist/[22m[36massets/InicioSesion-BH89pWf8.js                      [39m[1m[2m    8.60 kB[22m[1m[22m[2m Ôöé gzip:   3.18 kB[22m
[2mdist/[22m[36massets/NuestroSistema-CDZRlEI0.js                    [39m[1m[2m   10.14 kB[22m[1m[22m[2m Ôöé gzip:   3.55 kB[22m
[2mdist/[22m[36massets/Registro-aKJH-kTo.js                          [39m[1m[2m   10.62 kB[22m[1m[22m[2m Ôöé gzip:   3.37 kB[22m
[2mdist/[22m[36massets/dashboardData-BHj9mTzG.js                     [39m[1m[2m   11.55 kB[22m[1m[22m[2m Ôöé gzip:   3.96 kB[22m
[2mdist/[22m[36massets/naturalLanguage-DaOuQaZw.js                   [39m[1m[2m   11.73 kB[22m[1m[22m[2m Ôöé gzip:   4.56 kB[22m
[2mdist/[22m[36massets/demoDashboardData-BCu8frNI.js                 [39m[1m[2m   11.96 kB[22m[1m[22m[2m Ôöé gzip:   3.63 kB[22m
[2mdist/[22m[36massets/SolicitudesRevisionPsicologo-Ce5wzUha.js      [39m[1m[2m   13.50 kB[22m[1m[22m[2m Ôöé gzip:   4.08 kB[22m
[2mdist/[22m[36massets/dashboardDataForReports-Bud7MeHM.js           [39m[1m[2m   14.92 kB[22m[1m[22m[2m Ôöé gzip:   4.88 kB[22m
[2mdist/[22m[36massets/clinicalReport-CY3rQGUs.js                    [39m[1m[2m   15.09 kB[22m[1m[22m[2m Ôöé gzip:   5.49 kB[22m
[2mdist/[22m[36massets/AyudaBase-CeP16re9.js                         [39m[1m[2m   17.46 kB[22m[1m[22m[2m Ôöé gzip:   5.55 kB[22m
[2mdist/[22m[36massets/Psicologos-D_IFnCfX.js                        [39m[1m[2m   19.37 kB[22m[1m[22m[2m Ôöé gzip:   6.13 kB[22m
[2mdist/[22m[36massets/MiCuenta-ClQaNLPd.js                          [39m[1m[2m   20.26 kB[22m[1m[22m[2m Ôöé gzip:   5.73 kB[22m
[2mdist/[22m[36massets/PreguntasCuestionario-DLcGSvw1.js             [39m[1m[2m   22.30 kB[22m[1m[22m[2m Ôöé gzip:   6.86 kB[22m
[2mdist/[22m[36massets/Reportes-BVySyNYU.js                          [39m[1m[2m   24.22 kB[22m[1m[22m[2m Ôöé gzip:   7.24 kB[22m
[2mdist/[22m[36massets/purify.es-Cw43jA4y.js                         [39m[1m[2m   25.13 kB[22m[1m[22m[2m Ôöé gzip:   9.50 kB[22m
[2mdist/[22m[36massets/HistorialBase-CGlGg2z6.js                     [39m[1m[2m   25.41 kB[22m[1m[22m[2m Ôöé gzip:   7.02 kB[22m
[2mdist/[22m[36massets/Cuestionarios-ESGCgeiT.js                     [39m[1m[2m   25.59 kB[22m[1m[22m[2m Ôöé gzip:   7.62 kB[22m
[2mdist/[22m[36massets/questionnaires.api-mzl18E21.js                [39m[1m[2m   30.37 kB[22m[1m[22m[2m Ôöé gzip:   7.67 kB[22m
[2mdist/[22m[36massets/QuestionnaireReportDetailModal-D_1_HilW.js    [39m[1m[2m   31.86 kB[22m[1m[22m[2m Ôöé gzip:   9.57 kB[22m
[2mdist/[22m[36massets/MfaSetupView-IEfcnUmb.js                      [39m[1m[2m   31.93 kB[22m[1m[22m[2m Ôöé gzip:  12.39 kB[22m
[2mdist/[22m[36massets/Metricas-uVct70g1.js                          [39m[1m[2m   32.81 kB[22m[1m[22m[2m Ôöé gzip:   9.58 kB[22m
[2mdist/[22m[36massets/EvaluacionesCompartidas-CpWvTP0-.js           [39m[1m[2m   32.96 kB[22m[1m[22m[2m Ôöé gzip:   9.16 kB[22m
[2mdist/[22m[36massets/Auditoria-BgscLmsx.js                         [39m[1m[2m   33.51 kB[22m[1m[22m[2m Ôöé gzip:  10.66 kB[22m
[2mdist/[22m[36massets/Usuarios-DxJXB0A5.js                          [39m[1m[2m   36.73 kB[22m[1m[22m[2m Ôöé gzip:  10.45 kB[22m
[2mdist/[22m[36massets/chartDrawing-BZOmtHmd.js                      [39m[1m[2m   48.46 kB[22m[1m[22m[2m Ôöé gzip:  16.09 kB[22m
[2mdist/[22m[36massets/SeguimientoGuardian-CNM7nSw9.js               [39m[1m[2m   49.64 kB[22m[1m[22m[2m Ôöé gzip:  13.53 kB[22m
[2mdist/[22m[36massets/Cuestionario-yIddwXZy.js                      [39m[1m[2m   49.77 kB[22m[1m[22m[2m Ôöé gzip:  14.66 kB[22m
[2mdist/[22m[36massets/index.es-CbGdDDKL.js                          [39m[1m[2m  158.83 kB[22m[1m[22m[2m Ôöé gzip:  53.05 kB[22m
[2mdist/[22m[36massets/html2canvas.esm-Ge7aVWlp.js                   [39m[1m[2m  201.40 kB[22m[1m[22m[2m Ôöé gzip:  47.48 kB[22m
[2mdist/[22m[36massets/index-CKn0reLG.js                             [39m[1m[2m  323.35 kB[22m[1m[22m[2m Ôöé gzip: 101.40 kB[22m
[2mdist/[22m[36massets/jspdf.es.min-CIUN3nAn.js                      [39m[1m[2m  385.59 kB[22m[1m[22m[2m Ôöé gzip: 126.11 kB[22m
[2mdist/[22m[36massets/index-DP4BNxz6.js                             [39m[1m[2m  445.21 kB[22m[1m[22m[2m Ôöé gzip: 129.90 kB[22m
[32mÔ£ô built in 6.67s[39m
